components/home/home-browser.tsx(9,33): error TS2307: Cannot find module '@/components/map/station-map-shell' or its corresponding type declarations.
components/home/home-browser.tsx(10,33): error TS2307: Cannot find module '@/components/onboarding/first-visit-guide' or its corresponding type declarations.
components/home/home-browser.tsx(11,29): error TS2307: Cannot find module '@/components/station/station-card' or its corresponding type declarations.
components/home/home-browser.tsx(12,23): error TS2307: Cannot find module '@/components/ui/badge' or its corresponding type declarations.
components/home/home-browser.tsx(13,34): error TS2307: Cannot find module '@/components/ui/group-status-badge' or its corresponding type declarations.
components/home/home-browser.tsx(14,36): error TS2307: Cannot find module '@/components/ui/button' or its corresponding type declarations.
components/home/home-browser.tsx(15,29): error TS2307: Cannot find module '@/components/ui/section-card' or its corresponding type declarations.
components/home/home-browser.tsx(16,32): error TS6142: Module './readiness-badge' was resolved to 'C:/Projetos/Tanque Aberto/components/home/readiness-badge.tsx', but '--jsx' is not set.
components/home/home-browser.tsx(17,32): error TS2307: Cannot find module '@/components/state/empty-state-card' or its corresponding type declarations.
components/home/home-browser.tsx(18,32): error TS2307: Cannot find module '@/hooks/use-geolocation' or its corresponding type declarations.
components/home/home-browser.tsx(19,51): error TS2307: Cannot find module '@/lib/geo/distance' or its corresponding type declarations.
components/home/home-browser.tsx(20,20): error TS2307: Cannot find module '@/lib/utils' or its corresponding type declarations.
components/home/home-browser.tsx(21,35): error TS2307: Cannot find module '@/lib/telemetry/client' or its corresponding type declarations.
components/home/home-browser.tsx(22,35): error TS2307: Cannot find module '@/lib/format/currency' or its corresponding type declarations.
components/home/home-browser.tsx(23,34): error TS2307: Cannot find module '@/lib/format/time' or its corresponding type declarations.
components/home/home-browser.tsx(24,79): error TS2307: Cannot find module '@/lib/format/time' or its corresponding type declarations.
components/home/home-browser.tsx(25,63): error TS2307: Cannot find module '@/lib/format/labels' or its corresponding type declarations.
components/home/home-browser.tsx(26,133): error TS2307: Cannot find module '@/lib/filters/public' or its corresponding type declarations.
components/home/home-browser.tsx(27,43): error TS2307: Cannot find module '@/lib/filters/sort' or its corresponding type declarations.
components/home/home-browser.tsx(28,92): error TS2307: Cannot find module '@/lib/quality/stations' or its corresponding type declarations.
components/home/home-browser.tsx(29,115): error TS2307: Cannot find module '@/lib/navigation/home-context' or its corresponding type declarations.
components/home/home-browser.tsx(30,46): error TS2307: Cannot find module '@/lib/navigation/route-context' or its corresponding type declarations.
components/home/home-browser.tsx(31,32): error TS2307: Cannot find module '@/components/routes/route-assistant' or its corresponding type declarations.
components/home/home-browser.tsx(32,94): error TS2307: Cannot find module '@/lib/navigation/external-maps' or its corresponding type declarations.
components/home/home-browser.tsx(33,31): error TS2307: Cannot find module '@/hooks/use-street-mode' or its corresponding type declarations.
components/home/home-browser.tsx(34,37): error TS2307: Cannot find module '@/hooks/use-network-hardening' or its corresponding type declarations.
components/home/home-browser.tsx(35,35): error TS2307: Cannot find module '@/components/mission/mission-context' or its corresponding type declarations.
components/home/home-browser.tsx(36,35): error TS2307: Cannot find module '@/components/history/my-submissions-list' or its corresponding type declarations.
components/home/home-browser.tsx(37,39): error TS2307: Cannot find module '@/components/home/recorte-activity-widget' or its corresponding type declarations.
components/home/home-browser.tsx(38,43): error TS2307: Cannot find module '@/lib/ops/release-control' or its corresponding type declarations.
components/home/home-browser.tsx(39,88): error TS2307: Cannot find module '@/lib/ops/smart-default' or its corresponding type declarations.
components/home/home-browser.tsx(40,33): error TS2307: Cannot find module '@/components/feedback/feedback-trigger' or its corresponding type declarations.
components/home/home-browser.tsx(41,48): error TS2307: Cannot find module '@/lib/filters/public' or its corresponding type declarations.
components/home/home-browser.tsx(42,60): error TS2307: Cannot find module '@/lib/types' or its corresponding type declarations.
components/home/home-browser.tsx(43,37): error TS2307: Cannot find module '@/components/layout/surface-orchestrator' or its corresponding type declarations.
components/home/home-browser.tsx(44,34): error TS2307: Cannot find module '@/lib/ui/surface-orchestrator' or its corresponding type declarations.
components/home/home-browser.tsx(45,35): error TS6142: Module './install-prompt-card' was resolved to 'C:/Projetos/Tanque Aberto/components/home/install-prompt-card.tsx', but '--jsx' is not set.
components/home/home-browser.tsx(46,37): error TS2307: Cannot find module '@/hooks/use-operational-focus' or its corresponding type declarations.
components/home/home-browser.tsx(47,38): error TS2307: Cannot find module '@/components/layout/retention-hub' or its corresponding type declarations.
components/home/home-browser.tsx(48,34): error TS2307: Cannot find module '@/hooks/use-my-submissions' or its corresponding type declarations.
components/home/home-browser.tsx(49,46): error TS2307: Cannot find module '@/lib/ops/kill-switches' or its corresponding type declarations.
components/home/home-browser.tsx(50,36): error TS6142: Module './recorte-pulse-widget' was resolved to 'C:/Projetos/Tanque Aberto/components/home/recorte-pulse-widget.tsx', but '--jsx' is not set.
components/home/home-browser.tsx(51,39): error TS2307: Cannot find module '@/app/actions/pulse' or its corresponding type declarations.
components/home/home-browser.tsx(52,38): error TS2307: Cannot find module '@/lib/ops/recorte-activity' or its corresponding type declarations.
components/home/home-browser.tsx(53,40): error TS2307: Cannot find module '@/app/actions/user' or its corresponding type declarations.
components/home/home-browser.tsx(54,34): error TS2307: Cannot find module '@/lib/ops/collector-trust' or its corresponding type declarations.
components/home/home-browser.tsx(55,53): error TS2307: Cannot find module '@/components/ui/quick-action' or its corresponding type declarations.
components/home/home-browser.tsx(56,38): error TS6142: Module './operational-memory-bar' was resolved to 'C:/Projetos/Tanque Aberto/components/home/operational-memory-bar.tsx', but '--jsx' is not set.
components/home/home-browser.tsx(57,38): error TS2307: Cannot find module '@/hooks/use-operational-memory' or its corresponding type declarations.
components/home/home-browser.tsx(108,5): error TS17004: Cannot use JSX unless the '--jsx' flag is provided.
components/home/home-browser.tsx(109,7): error TS17004: Cannot use JSX unless the '--jsx' flag is provided.
components/home/home-browser.tsx(110,7): error TS17004: Cannot use JSX unless the '--jsx' flag is provided.
components/home/home-browser.tsx(111,9): error TS17004: Cannot use JSX unless the '--jsx' flag is provided.
components/home/home-browser.tsx(117,13): error TS17004: Cannot use JSX unless the '--jsx' flag is provided.
components/home/home-browser.tsx(122,9): error TS17004: Cannot use JSX unless the '--jsx' flag is provided.
components/home/home-browser.tsx(571,9): error TS17004: Cannot use JSX unless the '--jsx' flag is provided.
components/home/home-browser.tsx(572,11): error TS17004: Cannot use JSX unless the '--jsx' flag is provided.
components/home/home-browser.tsx(584,9): error TS17004: Cannot use JSX unless the '--jsx' flag is provided.
components/home/home-browser.tsx(585,12): error TS17004: Cannot use JSX unless the '--jsx' flag is provided.
components/home/home-browser.tsx(586,15): error TS17004: Cannot use JSX unless the '--jsx' flag is provided.
components/home/home-browser.tsx(587,18): error TS17004: Cannot use JSX unless the '--jsx' flag is provided.
components/home/home-browser.tsx(588,21): error TS17004: Cannot use JSX unless the '--jsx' flag is provided.
components/home/home-browser.tsx(590,18): error TS17004: Cannot use JSX unless the '--jsx' flag is provided.
components/home/home-browser.tsx(591,21): error TS17004: Cannot use JSX unless the '--jsx' flag is provided.
components/home/home-browser.tsx(592,21): error TS17004: Cannot use JSX unless the '--jsx' flag is provided.
components/home/home-browser.tsx(595,15): error TS17004: Cannot use JSX unless the '--jsx' flag is provided.
components/home/home-browser.tsx(602,18): error TS17004: Cannot use JSX unless the '--jsx' flag is provided.
components/home/home-browser.tsx(606,12): error TS17004: Cannot use JSX unless the '--jsx' flag is provided.
components/home/home-browser.tsx(607,15): error TS17004: Cannot use JSX unless the '--jsx' flag is provided.
components/home/home-browser.tsx(622,18): error TS17004: Cannot use JSX unless the '--jsx' flag is provided.
components/home/home-browser.tsx(636,9): error TS17004: Cannot use JSX unless the '--jsx' flag is provided.
components/home/home-browser.tsx(637,11): error TS17004: Cannot use JSX unless the '--jsx' flag is provided.
components/home/home-browser.tsx(638,11): error TS17004: Cannot use JSX unless the '--jsx' flag is provided.
components/home/home-browser.tsx(639,11): error TS17004: Cannot use JSX unless the '--jsx' flag is provided.
components/home/home-browser.tsx(649,14): error TS17004: Cannot use JSX unless the '--jsx' flag is provided.
components/home/home-browser.tsx(680,9): error TS17004: Cannot use JSX unless the '--jsx' flag is provided.
components/home/home-browser.tsx(681,11): error TS17004: Cannot use JSX unless the '--jsx' flag is provided.
components/home/home-browser.tsx(682,13): error TS17004: Cannot use JSX unless the '--jsx' flag is provided.
components/home/home-browser.tsx(683,13): error TS17004: Cannot use JSX unless the '--jsx' flag is provided.
components/home/home-browser.tsx(687,11): error TS17004: Cannot use JSX unless the '--jsx' flag is provided.
components/home/home-browser.tsx(699,5): error TS17004: Cannot use JSX unless the '--jsx' flag is provided.
components/home/home-browser.tsx(700,7): error TS17004: Cannot use JSX unless the '--jsx' flag is provided.
components/home/home-browser.tsx(702,7): error TS17004: Cannot use JSX unless the '--jsx' flag is provided.
components/home/home-browser.tsx(703,9): error TS17004: Cannot use JSX unless the '--jsx' flag is provided.
components/home/home-browser.tsx(711,7): error TS17004: Cannot use JSX unless the '--jsx' flag is provided.
components/home/home-browser.tsx(712,9): error TS17004: Cannot use JSX unless the '--jsx' flag is provided.
components/home/home-browser.tsx(715,7): error TS17004: Cannot use JSX unless the '--jsx' flag is provided.
components/home/home-browser.tsx(716,9): error TS17004: Cannot use JSX unless the '--jsx' flag is provided.
components/home/home-browser.tsx(727,9): error TS17004: Cannot use JSX unless the '--jsx' flag is provided.
components/home/home-browser.tsx(739,11): error TS17004: Cannot use JSX unless the '--jsx' flag is provided.
components/home/home-browser.tsx(740,13): error TS17004: Cannot use JSX unless the '--jsx' flag is provided.
components/home/home-browser.tsx(741,15): error TS17004: Cannot use JSX unless the '--jsx' flag is provided.
components/home/home-browser.tsx(742,15): error TS17004: Cannot use JSX unless the '--jsx' flag is provided.
components/home/home-browser.tsx(744,13): error TS17004: Cannot use JSX unless the '--jsx' flag is provided.
components/home/home-browser.tsx(747,11): error TS17004: Cannot use JSX unless the '--jsx' flag is provided.
components/home/home-browser.tsx(753,17): error TS17004: Cannot use JSX unless the '--jsx' flag is provided.
components/home/home-browser.tsx(770,19): error TS17004: Cannot use JSX unless the '--jsx' flag is provided.
components/home/home-browser.tsx(771,21): error TS17004: Cannot use JSX unless the '--jsx' flag is provided.
components/home/home-browser.tsx(773,19): error TS17004: Cannot use JSX unless the '--jsx' flag is provided.
components/home/home-browser.tsx(774,21): error TS17004: Cannot use JSX unless the '--jsx' flag is provided.
components/home/home-browser.tsx(775,21): error TS17004: Cannot use JSX unless the '--jsx' flag is provided.
components/home/home-browser.tsx(785,17): error TS17004: Cannot use JSX unless the '--jsx' flag is provided.
components/home/home-browser.tsx(802,19): error TS17004: Cannot use JSX unless the '--jsx' flag is provided.
components/home/home-browser.tsx(803,21): error TS17004: Cannot use JSX unless the '--jsx' flag is provided.
components/home/home-browser.tsx(805,19): error TS17004: Cannot use JSX unless the '--jsx' flag is provided.
components/home/home-browser.tsx(806,21): error TS17004: Cannot use JSX unless the '--jsx' flag is provided.
components/home/home-browser.tsx(807,21): error TS17004: Cannot use JSX unless the '--jsx' flag is provided.
components/home/home-browser.tsx(816,7): error TS17004: Cannot use JSX unless the '--jsx' flag is provided.
components/home/home-browser.tsx(828,9): error TS17004: Cannot use JSX unless the '--jsx' flag is provided.
components/home/home-browser.tsx(832,9): error TS17004: Cannot use JSX unless the '--jsx' flag is provided.
components/home/home-browser.tsx(833,11): error TS17004: Cannot use JSX unless the '--jsx' flag is provided.
components/home/home-browser.tsx(841,7): error TS17004: Cannot use JSX unless the '--jsx' flag is provided.
components/home/home-browser.tsx(851,11): error TS17004: Cannot use JSX unless the '--jsx' flag is provided.
components/home/home-browser.tsx(852,13): error TS17004: Cannot use JSX unless the '--jsx' flag is provided.
components/home/home-browser.tsx(853,13): error TS17004: Cannot use JSX unless the '--jsx' flag is provided.
components/home/home-browser.tsx(854,13): error TS17004: Cannot use JSX unless the '--jsx' flag is provided.
components/home/home-browser.tsx(858,9): error TS17004: Cannot use JSX unless the '--jsx' flag is provided.
components/home/home-browser.tsx(859,11): error TS17004: Cannot use JSX unless the '--jsx' flag is provided.
components/home/home-browser.tsx(860,11): error TS17004: Cannot use JSX unless the '--jsx' flag is provided.
components/home/home-browser.tsx(881,13): error TS17004: Cannot use JSX unless the '--jsx' flag is provided.
components/home/home-browser.tsx(882,15): error TS17004: Cannot use JSX unless the '--jsx' flag is provided.
components/home/home-browser.tsx(887,9): error TS17004: Cannot use JSX unless the '--jsx' flag is provided.
components/home/home-browser.tsx(888,11): error TS17004: Cannot use JSX unless the '--jsx' flag is provided.
components/home/home-browser.tsx(889,13): error TS17004: Cannot use JSX unless the '--jsx' flag is provided.
components/home/home-browser.tsx(897,13): error TS17004: Cannot use JSX unless the '--jsx' flag is provided.
components/home/home-browser.tsx(898,13): error TS17004: Cannot use JSX unless the '--jsx' flag is provided.
components/home/home-browser.tsx(913,17): error TS17004: Cannot use JSX unless the '--jsx' flag is provided.
components/home/home-browser.tsx(941,21): error TS17004: Cannot use JSX unless the '--jsx' flag is provided.
components/home/home-browser.tsx(951,13): error TS17004: Cannot use JSX unless the '--jsx' flag is provided.
components/home/home-browser.tsx(956,13): error TS17004: Cannot use JSX unless the '--jsx' flag is provided.
components/home/home-browser.tsx(965,11): error TS17004: Cannot use JSX unless the '--jsx' flag is provided.
components/home/home-browser.tsx(967,15): error TS17004: Cannot use JSX unless the '--jsx' flag is provided.
components/home/home-browser.tsx(968,17): error TS17004: Cannot use JSX unless the '--jsx' flag is provided.
components/home/home-browser.tsx(969,39): error TS17004: Cannot use JSX unless the '--jsx' flag is provided.
components/home/home-browser.tsx(972,15): error TS17004: Cannot use JSX unless the '--jsx' flag is provided.
components/home/home-browser.tsx(976,15): error TS17004: Cannot use JSX unless the '--jsx' flag is provided.
components/home/home-browser.tsx(1010,11): error TS17004: Cannot use JSX unless the '--jsx' flag is provided.
components/home/home-browser.tsx(1011,13): error TS17004: Cannot use JSX unless the '--jsx' flag is provided.
components/home/home-browser.tsx(1020,13): error TS17004: Cannot use JSX unless the '--jsx' flag is provided.
components/home/home-browser.tsx(1029,13): error TS17004: Cannot use JSX unless the '--jsx' flag is provided.
components/home/home-browser.tsx(1030,15): error TS17004: Cannot use JSX unless the '--jsx' flag is provided.
components/home/home-browser.tsx(1031,15): error TS17004: Cannot use JSX unless the '--jsx' flag is provided.
components/home/home-browser.tsx(1036,19): error TS17004: Cannot use JSX unless the '--jsx' flag is provided.
components/home/home-browser.tsx(1054,11): error TS17004: Cannot use JSX unless the '--jsx' flag is provided.
components/home/home-browser.tsx(1055,13): error TS17004: Cannot use JSX unless the '--jsx' flag is provided.
components/home/home-browser.tsx(1056,15): error TS17004: Cannot use JSX unless the '--jsx' flag is provided.
components/home/home-browser.tsx(1057,17): error TS17004: Cannot use JSX unless the '--jsx' flag is provided.
components/home/home-browser.tsx(1060,15): error TS17004: Cannot use JSX unless the '--jsx' flag is provided.
components/home/home-browser.tsx(1062,13): error TS17004: Cannot use JSX unless the '--jsx' flag is provided.
components/home/home-browser.tsx(1063,15): error TS17004: Cannot use JSX unless the '--jsx' flag is provided.
components/home/home-browser.tsx(1064,17): error TS17004: Cannot use JSX unless the '--jsx' flag is provided.
components/home/home-browser.tsx(1065,17): error TS17004: Cannot use JSX unless the '--jsx' flag is provided.
components/home/home-browser.tsx(1067,21): error TS17004: Cannot use JSX unless the '--jsx' flag is provided.
components/home/home-browser.tsx(1082,17): error TS17004: Cannot use JSX unless the '--jsx' flag is provided.
components/home/home-browser.tsx(1083,19): error TS17004: Cannot use JSX unless the '--jsx' flag is provided.
components/home/home-browser.tsx(1084,19): error TS17004: Cannot use JSX unless the '--jsx' flag is provided.
components/home/home-browser.tsx(1085,21): error TS17004: Cannot use JSX unless the '--jsx' flag is provided.
components/home/home-browser.tsx(1093,23): error TS17004: Cannot use JSX unless the '--jsx' flag is provided.
components/home/home-browser.tsx(1095,25): error TS17004: Cannot use JSX unless the '--jsx' flag is provided.
components/home/home-browser.tsx(1100,21): error TS17004: Cannot use JSX unless the '--jsx' flag is provided.
components/home/home-browser.tsx(1105,15): error TS17004: Cannot use JSX unless the '--jsx' flag is provided.
components/home/home-browser.tsx(1110,9): error TS17004: Cannot use JSX unless the '--jsx' flag is provided.
components/home/home-browser.tsx(1111,11): error TS17004: Cannot use JSX unless the '--jsx' flag is provided.
components/home/home-browser.tsx(1112,13): error TS17004: Cannot use JSX unless the '--jsx' flag is provided.
components/home/home-browser.tsx(1114,16): error TS17004: Cannot use JSX unless the '--jsx' flag is provided.
components/home/home-browser.tsx(1133,15): error TS17004: Cannot use JSX unless the '--jsx' flag is provided.
components/home/home-browser.tsx(1153,13): error TS17004: Cannot use JSX unless the '--jsx' flag is provided.
components/home/home-browser.tsx(1161,9): error TS17004: Cannot use JSX unless the '--jsx' flag is provided.
components/home/home-browser.tsx(1162,11): error TS17004: Cannot use JSX unless the '--jsx' flag is provided.
components/home/home-browser.tsx(1163,13): error TS17004: Cannot use JSX unless the '--jsx' flag is provided.
components/home/home-browser.tsx(1164,13): error TS17004: Cannot use JSX unless the '--jsx' flag is provided.
components/home/home-browser.tsx(1165,13): error TS17004: Cannot use JSX unless the '--jsx' flag is provided.
components/home/home-browser.tsx(1167,11): error TS17004: Cannot use JSX unless the '--jsx' flag is provided.
components/home/home-browser.tsx(1173,7): error TS17004: Cannot use JSX unless the '--jsx' flag is provided.
components/home/home-browser.tsx(1175,7): error TS17004: Cannot use JSX unless the '--jsx' flag is provided.
components/home/home-browser.tsx(1176,9): error TS17004: Cannot use JSX unless the '--jsx' flag is provided.
components/home/home-browser.tsx(1177,11): error TS17004: Cannot use JSX unless the '--jsx' flag is provided.
components/home/home-browser.tsx(1178,13): error TS17004: Cannot use JSX unless the '--jsx' flag is provided.
components/home/home-browser.tsx(1179,15): error TS17004: Cannot use JSX unless the '--jsx' flag is provided.
components/home/home-browser.tsx(1180,15): error TS17004: Cannot use JSX unless the '--jsx' flag is provided.
components/home/home-browser.tsx(1182,13): error TS17004: Cannot use JSX unless the '--jsx' flag is provided.
components/home/home-browser.tsx(1187,9): error TS17004: Cannot use JSX unless the '--jsx' flag is provided.
components/home/home-browser.tsx(1191,9): error TS17004: Cannot use JSX unless the '--jsx' flag is provided.
components/home/home-browser.tsx(1192,11): error TS17004: Cannot use JSX unless the '--jsx' flag is provided.
components/home/home-browser.tsx(1193,13): error TS17004: Cannot use JSX unless the '--jsx' flag is provided.
components/home/home-browser.tsx(1194,15): error TS17004: Cannot use JSX unless the '--jsx' flag is provided.
components/home/home-browser.tsx(1195,15): error TS17004: Cannot use JSX unless the '--jsx' flag is provided.
components/home/home-browser.tsx(1196,17): error TS17004: Cannot use JSX unless the '--jsx' flag is provided.
components/home/home-browser.tsx(1198,19): error TS17004: Cannot use JSX unless the '--jsx' flag is provided.
components/home/home-browser.tsx(1202,13): error TS17004: Cannot use JSX unless the '--jsx' flag is provided.
components/home/home-browser.tsx(1204,11): error TS17004: Cannot use JSX unless the '--jsx' flag is provided.
components/home/home-browser.tsx(1209,17): error TS17004: Cannot use JSX unless the '--jsx' flag is provided.
components/home/home-browser.tsx(1218,19): error TS17004: Cannot use JSX unless the '--jsx' flag is provided.
components/home/home-browser.tsx(1219,21): error TS17004: Cannot use JSX unless the '--jsx' flag is provided.
components/home/home-browser.tsx(1220,21): error TS17004: Cannot use JSX unless the '--jsx' flag is provided.
components/home/home-browser.tsx(1224,19): error TS17004: Cannot use JSX unless the '--jsx' flag is provided.
components/home/home-browser.tsx(1226,23): error TS17004: Cannot use JSX unless the '--jsx' flag is provided.
components/home/home-browser.tsx(1231,21): error TS17004: Cannot use JSX unless the '--jsx' flag is provided.
components/home/home-browser.tsx(1242,23): error TS17004: Cannot use JSX unless the '--jsx' flag is provided.
components/home/home-browser.tsx(1271,23): error TS17004: Cannot use JSX unless the '--jsx' flag is provided.
components/home/home-browser.tsx(1291,34): error TS2307: Cannot find module '@/lib/navigation/external-maps' or its corresponding type declarations.
components/home/home-browser.tsx(1303,23): error TS17004: Cannot use JSX unless the '--jsx' flag is provided.
components/home/home-browser.tsx(1338,15): error TS17004: Cannot use JSX unless the '--jsx' flag is provided.
components/home/home-browser.tsx(1339,17): error TS17004: Cannot use JSX unless the '--jsx' flag is provided.
components/home/home-browser.tsx(1342,17): error TS17004: Cannot use JSX unless the '--jsx' flag is provided.
components/home/home-browser.tsx(1343,20): error TS17004: Cannot use JSX unless the '--jsx' flag is provided.
components/home/home-browser.tsx(1357,7): error TS17004: Cannot use JSX unless the '--jsx' flag is provided.
components/home/home-browser.tsx(1364,11): error TS17004: Cannot use JSX unless the '--jsx' flag is provided.
components/home/home-browser.tsx(1365,13): error TS17004: Cannot use JSX unless the '--jsx' flag is provided.
components/home/home-browser.tsx(1366,13): error TS17004: Cannot use JSX unless the '--jsx' flag is provided.
components/home/home-browser.tsx(1369,13): error TS17004: Cannot use JSX unless the '--jsx' flag is provided.
components/home/home-browser.tsx(1374,7): error TS17004: Cannot use JSX unless the '--jsx' flag is provided.
components/home/home-browser.tsx(1375,9): error TS17004: Cannot use JSX unless the '--jsx' flag is provided.
components/home/home-browser.tsx(1376,11): error TS17004: Cannot use JSX unless the '--jsx' flag is provided.
components/home/home-browser.tsx(1377,13): error TS17004: Cannot use JSX unless the '--jsx' flag is provided.
components/home/home-browser.tsx(1378,13): error TS17004: Cannot use JSX unless the '--jsx' flag is provided.
components/home/home-browser.tsx(1380,11): error TS17004: Cannot use JSX unless the '--jsx' flag is provided.
components/home/home-browser.tsx(1383,11): error TS17004: Cannot use JSX unless the '--jsx' flag is provided.
components/home/home-browser.tsx(1391,11): error TS17004: Cannot use JSX unless the '--jsx' flag is provided.
components/home/home-browser.tsx(1393,15): error TS17004: Cannot use JSX unless the '--jsx' flag is provided.
components/home/home-browser.tsx(1394,17): error TS17004: Cannot use JSX unless the '--jsx' flag is provided.
components/home/home-browser.tsx(1395,19): error TS17004: Cannot use JSX unless the '--jsx' flag is provided.
components/home/home-browser.tsx(1396,19): error TS17004: Cannot use JSX unless the '--jsx' flag is provided.
components/home/home-browser.tsx(1398,17): error TS17004: Cannot use JSX unless the '--jsx' flag is provided.
components/home/home-browser.tsx(1399,19): error TS17004: Cannot use JSX unless the '--jsx' flag is provided.
components/home/home-browser.tsx(1400,19): error TS17004: Cannot use JSX unless the '--jsx' flag is provided.
components/home/home-browser.tsx(1409,9): error TS17004: Cannot use JSX unless the '--jsx' flag is provided.
components/home/home-browser.tsx(1410,11): error TS17004: Cannot use JSX unless the '--jsx' flag is provided.
components/home/home-browser.tsx(1411,13): error TS17004: Cannot use JSX unless the '--jsx' flag is provided.
components/home/home-browser.tsx(1412,15): error TS17004: Cannot use JSX unless the '--jsx' flag is provided.
components/home/home-browser.tsx(1413,15): error TS17004: Cannot use JSX unless the '--jsx' flag is provided.
components/home/home-browser.tsx(1415,13): error TS17004: Cannot use JSX unless the '--jsx' flag is provided.
components/home/home-browser.tsx(1419,11): error TS17004: Cannot use JSX unless the '--jsx' flag is provided.
components/home/home-browser.tsx(1421,15): error TS17004: Cannot use JSX unless the '--jsx' flag is provided.
components/home/home-browser.tsx(1435,7): error TS17004: Cannot use JSX unless the '--jsx' flag is provided.
components/home/home-browser.tsx(1436,9): error TS17004: Cannot use JSX unless the '--jsx' flag is provided.
components/home/home-browser.tsx(1437,11): error TS17004: Cannot use JSX unless the '--jsx' flag is provided.
components/home/home-browser.tsx(1438,13): error TS17004: Cannot use JSX unless the '--jsx' flag is provided.
components/home/home-browser.tsx(1439,13): error TS17004: Cannot use JSX unless the '--jsx' flag is provided.
components/home/home-browser.tsx(1441,11): error TS17004: Cannot use JSX unless the '--jsx' flag is provided.
components/home/home-browser.tsx(1443,9): error TS17004: Cannot use JSX unless the '--jsx' flag is provided.
components/home/home-browser.tsx(1445,13): error TS17004: Cannot use JSX unless the '--jsx' flag is provided.
components/home/home-browser.tsx(1454,15): error TS17004: Cannot use JSX unless the '--jsx' flag is provided.
components/home/home-browser.tsx(1468,7): error TS17004: Cannot use JSX unless the '--jsx' flag is provided.
components/home/home-browser.tsx(1469,9): error TS17004: Cannot use JSX unless the '--jsx' flag is provided.
components/home/home-browser.tsx(1470,11): error TS17004: Cannot use JSX unless the '--jsx' flag is provided.
components/home/home-browser.tsx(1471,13): error TS17004: Cannot use JSX unless the '--jsx' flag is provided.
components/home/home-browser.tsx(1472,13): error TS17004: Cannot use JSX unless the '--jsx' flag is provided.
components/home/home-browser.tsx(1474,11): error TS17004: Cannot use JSX unless the '--jsx' flag is provided.
components/home/home-browser.tsx(1476,9): error TS17004: Cannot use JSX unless the '--jsx' flag is provided.
components/home/home-browser.tsx(1478,13): error TS17004: Cannot use JSX unless the '--jsx' flag is provided.
components/home/home-browser.tsx(1487,15): error TS17004: Cannot use JSX unless the '--jsx' flag is provided.
components/home/home-browser.tsx(1488,17): error TS17004: Cannot use JSX unless the '--jsx' flag is provided.
components/home/home-browser.tsx(1489,19): error TS17004: Cannot use JSX unless the '--jsx' flag is provided.
components/home/home-browser.tsx(1490,19): error TS17004: Cannot use JSX unless the '--jsx' flag is provided.
components/home/home-browser.tsx(1494,17): error TS17004: Cannot use JSX unless the '--jsx' flag is provided.
components/home/home-browser.tsx(1495,19): error TS17004: Cannot use JSX unless the '--jsx' flag is provided.
components/home/home-browser.tsx(1496,19): error TS17004: Cannot use JSX unless the '--jsx' flag is provided.
components/home/home-browser.tsx(1504,7): error TS17004: Cannot use JSX unless the '--jsx' flag is provided.
components/home/home-browser.tsx(1505,9): error TS17004: Cannot use JSX unless the '--jsx' flag is provided.
components/home/home-browser.tsx(1506,11): error TS17004: Cannot use JSX unless the '--jsx' flag is provided.
components/home/home-browser.tsx(1507,13): error TS17004: Cannot use JSX unless the '--jsx' flag is provided.
components/home/home-browser.tsx(1508,13): error TS17004: Cannot use JSX unless the '--jsx' flag is provided.
components/home/home-browser.tsx(1510,11): error TS17004: Cannot use JSX unless the '--jsx' flag is provided.
components/home/home-browser.tsx(1514,9): error TS17004: Cannot use JSX unless the '--jsx' flag is provided.
components/home/home-browser.tsx(1515,11): error TS17004: Cannot use JSX unless the '--jsx' flag is provided.
components/home/home-browser.tsx(1516,13): error TS17004: Cannot use JSX unless the '--jsx' flag is provided.
components/home/home-browser.tsx(1517,13): error TS17004: Cannot use JSX unless the '--jsx' flag is provided.
components/home/home-browser.tsx(1519,11): error TS17004: Cannot use JSX unless the '--jsx' flag is provided.
components/home/home-browser.tsx(1520,13): error TS17004: Cannot use JSX unless the '--jsx' flag is provided.
components/home/home-browser.tsx(1521,13): error TS17004: Cannot use JSX unless the '--jsx' flag is provided.
components/home/home-browser.tsx(1524,9): error TS17004: Cannot use JSX unless the '--jsx' flag is provided.
components/home/home-browser.tsx(1526,11): error TS17004: Cannot use JSX unless the '--jsx' flag is provided.
